// Jest Snapshot v1, https://goo.gl/fbAQLP

exports[`Favorites renders correctly 1`] = `
<div>
  <div>
    <button>
      <img
        class="w-12 mr-auto ml-auto"
        src="/img/blackstar.png"
      />
    </button>
  </div>
</div>
`;
